[info]: Starting Cubyz dedicated server version 0.4.0-dev
[debug]: Registered BlockEntityType 'cubyz:chest'
[debug]: Registered BlockEntityType 'cubyz:sign'
[info]: Finished common assets reading with 415 blocks, 10 items, 6 procedural items, 190 biomes, 12 cave layers, 4 structure tables, 5 recipes, 158 structure building blocks, 670 blueprints, 2 particles, 3 world presets, block models 35, and 5 block model ZONs
[info]: Blue noise took 35 ms to load
[debug]: Registered command: '/clear'
[debug]: Registered command: '/gamemode'
[debug]: Registered command: '/help'
[debug]: Registered command: '/invite'
[debug]: Registered command: '/kick'
[debug]: Registered command: '/kill'
[debug]: Registered command: '/particles'
[debug]: Registered command: '/seed'
[debug]: Registered command: '/server'
[debug]: Registered command: '/spawn'
[debug]: Registered command: '/tickspeed'
[debug]: Registered command: '/time'
[debug]: Registered command: '/tp'
[debug]: Registered command: '/whitelist'
[debug]: Registered command: '/avatar'
[debug]: Registered command: '/perm'
[debug]: Registered command: '/undo'
[debug]: Registered command: '/redo'
[debug]: Registered command: '/pos1'
[debug]: Registered command: '/pos2'
[debug]: Registered command: '/deselect'
[debug]: Registered command: '/copy'
[debug]: Registered command: '/count'
[debug]: Registered command: '/paste'
[debug]: Registered command: '/blueprint'
[debug]: Registered command: '/rotate'
[debug]: Registered command: '/set'
[debug]: Registered command: '/mask'
[debug]: Registered command: '/replace'
[debug]: Registered command: '/toggledecay'
[info]: Loaded palette with 1 entries.
[info]: Loaded item_palette with 0 entries.
[info]: Loaded tool_palette with 0 entries.
[info]: Loaded biome_palette with 0 entries.
[info]: Loaded entity_model_palette with 1 entries.
[info]: Loaded entity_component_palette with 0 entries.
